// Jest Snapshot v1, https://goo.gl/fbAQLP

exports[`test koa server should respond as expected 1`] = `"it works!"`;
